// Jest Snapshot v1, https://goo.gl/fbAQLP

exports[`check if the Calculator renders properly 1`] = `
<div
  className="container"
>
  <h2
    className="headingcalc"
  >
    Lets do some Math!
  </h2>
  <div
    className="calscreen"
  >
    0
  </div>
  <div
    className="calcbtns"
  >
    <div
      className="rows"
    >
      <button
        className="calc-btn grey"
        onClick={[Function]}
        type="button"
      >
        AC
      </button>
      <button
        className="calc-btn grey"
        onClick={[Function]}
        type="button"
      >
        +/-
      </button>
      <button
        className="calc-btn grey"
        onClick={[Function]}
        type="button"
      >
        %
      </button>
      <button
        className="calc-btn orangebtn symbols"
        onClick={[Function]}
        type="button"
      >
        รท
      </button>
    </div>
    <div
      className="rows"
    >
      <button
        className="calc-btn grey"
        onClick={[Function]}
        type="button"
      >
        7
      </button>
      <button
        className="calc-btn grey"
        onClick={[Function]}
        type="button"
      >
        8
      </button>
      <button
        className="calc-btn grey"
        onClick={[Function]}
        type="button"
      >
        9
      </button>
      <button
        className="calc-btn orangebtn symbols"
        onClick={[Function]}
        type="button"
      >
        x
      </button>
    </div>
    <div
      className="rows"
    >
      <button
        className="calc-btn grey"
        onClick={[Function]}
        type="button"
      >
        4
      </button>
      <button
        className="calc-btn grey"
        onClick={[Function]}
        type="button"
      >
        5
      </button>
      <button
        className="calc-btn grey"
        onClick={[Function]}
        type="button"
      >
        6
      </button>
      <button
        className="calc-btn orangebtn symbols"
        onClick={[Function]}
        type="button"
      >
        -
      </button>
    </div>
    <div
      className="rows"
    >
      <button
        className="calc-btn grey"
        onClick={[Function]}
        type="button"
      >
        1
      </button>
      <button
        className="calc-btn grey"
        onClick={[Function]}
        type="button"
      >
        2
      </button>
      <button
        className="calc-btn grey"
        onClick={[Function]}
        type="button"
      >
        3
      </button>
      <button
        className="calc-btn orangebtn symbols"
        onClick={[Function]}
        type="button"
      >
        +
      </button>
    </div>
    <div
      className="rows"
    >
      <button
        className="calc-btn grey zero"
        onClick={[Function]}
        type="button"
      >
        0
      </button>
      <button
        className="calc-btn grey dot"
        onClick={[Function]}
        type="button"
      >
        .
      </button>
      <button
        className="calc-btn orangebtn symbols"
        onClick={[Function]}
        type="button"
      >
        =
      </button>
    </div>
  </div>
</div>
`;
