// Jest Snapshot v1, https://goo.gl/fbAQLP

exports[`check if the Navbar section renders properly 1`] = `<nav />`;
